[backblue.gif]
[fade.gif]
[index.html]
[niuini.com/assets/js/jquery.min-1.13.js]
[niuini.com/images/loading.gif]
[niuini.com/assets/js/flat-ui.min.js]
[niuini.com/ext/layer/layer.js]
[niuini.com/assets/js/carousel.js]
[niuini.com/ext/threejs/Three.js]
[niuini.com/ext/threejs/dat.gui_modify.js]
[niuini.com/ext/threejs/OrbitControls.js]
[niuini.com/ext/threejs/mmdPlay/libs/mmdparser.min.js]
[niuini.com/ext/threejs/mmdPlay/libs/ammo.js]
[niuini.com/ext/threejs/mmdPlay/libs/Detector.js]
[niuini.com/ext/threejs/mmdPlay/loaders/TGALoader.js]
[niuini.com/ext/threejs/mmdPlay/loaders/MMDLoader.js]
[niuini.com/ext/threejs/mmdPlay/effects/OutlineEffect.js]
[niuini.com/ext/threejs/mmdPlay/animation/CCDIKSolver.js]
[niuini.com/ext/threejs/mmdPlay/animation/MMDPhysics.js]
[niuini.com/ext/threejs/mmdPlay/Mirror/Mirror.js]
[niuini.com/ext/threejs/mmdPlay/SkyShader/SkyShader.js]
[niuini.com/ext/threejs/mmdPlay/jq/jquery.mousewheel.min.js]
[niuini.com/ext/threejs/project/control.js]
[niuini.com/ext/threejs/project/main.js]
[niuini.com/project/5.html]
[niuini.com/assets/css/bootstrap.min.css]
[niuini.com/assets/css/flat-ui.min.css]
[niuini.com/assets/css/niuini.css]
[niuini.com/ext/font-awesome/css/font-awesome.css]
[niuini.com/ext/threejs/Three.js]
[niuini.com/assets/img/login/imac.html]
[niuini.com/assets/img/login/imac-2x.html]
[niuini.com/ext/threejs/Three.js]
